npm error Missing script: "test:run"
npm error
npm error Did you mean this?
npm error   npm run test:npm # run the "test:npm" package script
npm error
npm error To see a list of scripts, run:
npm error   npm run
npm error A complete log of this run can be found in: /Users/kooshapari/.npm/_logs/2025-07-16T04_20_39_284Z-debug-0.log
